#-----------------------------------------------------------
# Vivado v2023.2 (64-bit)
# SW Build 4029153 on Fri Oct 13 20:14:34 MDT 2023
# IP Build 4028589 on Sat Oct 14 00:45:43 MDT 2023
# SharedData Build 4025554 on Tue Oct 10 17:18:54 MDT 2023
# Start of session at: Thu Apr 18 23:35:34 2024
# Process ID: 16360
# Current directory: C:/Users/artur/baremetal_Software_project/baremetal_Software_project.runs/baremetal_sw_design_auto_pc_0_synth_1
# Command line: vivado.exe -log baremetal_sw_design_auto_pc_0.vds -product Vivado -mode batch -messageDb vivado.pb -notrace -source baremetal_sw_design_auto_pc_0.tcl
# Log file: C:/Users/artur/baremetal_Software_project/baremetal_Software_project.runs/baremetal_sw_design_auto_pc_0_synth_1/baremetal_sw_design_auto_pc_0.vds
# Journal file: C:/Users/artur/baremetal_Software_project/baremetal_Software_project.runs/baremetal_sw_design_auto_pc_0_synth_1\vivado.jou
# Running On: laptop, OS: Windows, CPU Frequency: 2611 MHz, CPU Physical cores: 8, Host memory: 34007 MB
#-----------------------------------------------------------
source baremetal_sw_design_auto_pc_0.tcl -notrace
